Nov 07 13:31:16 cyb3r-virtual-machine systemd[1]: Starting Docker Application Container Engine...
Nov 07 13:31:17 cyb3r-virtual-machine dockerd[11235]: time="2025-11-07T13:31:16.999830164-05:00" level=info msg="Starting up"
Nov 07 13:31:17 cyb3r-virtual-machine dockerd[11235]: time="2025-11-07T13:31:17.004794773-05:00" level=info msg="detected 127.0.0.53 nameserver, assuming systemd-resolved, so using resolv.conf: /run/systemd/resolve/resolv.conf"
Nov 07 13:31:17 cyb3r-virtual-machine dockerd[11235]: time="2025-11-07T13:31:17.116480677-05:00" level=info msg="Loading containers: start."
Nov 07 13:31:17 cyb3r-virtual-machine dockerd[11235]: time="2025-11-07T13:31:17.395132215-05:00" level=info msg="Loading containers: done."
Nov 07 13:31:17 cyb3r-virtual-machine dockerd[11235]: time="2025-11-07T13:31:17.439618688-05:00" level=info msg="Docker daemon" commit=1a79695 graphdriver=overlay2 version=24.0.6
Nov 07 13:31:17 cyb3r-virtual-machine dockerd[11235]: time="2025-11-07T13:31:17.439776769-05:00" level=info msg="Daemon has completed initialization"
Nov 07 13:31:17 cyb3r-virtual-machine dockerd[11235]: time="2025-11-07T13:31:17.459255823-05:00" level=info msg="API listen on /run/docker.sock"
Nov 07 13:31:17 cyb3r-virtual-machine systemd[1]: Started Docker Application Container Engine.
Nov 07 13:32:30 cyb3r-virtual-machine dockerd[11235]: time="2025-11-07T13:32:30.256929814-05:00" level=error msg="Failed to get event" error="rpc error: code = Unavailable desc = error reading from server: EOF" module=libcontainerd namespace=moby
Nov 07 13:32:30 cyb3r-virtual-machine dockerd[11235]: time="2025-11-07T13:32:30.257018757-05:00" level=info msg="Waiting for containerd to be ready to restart event processing" module=libcontainerd namespace=moby
Nov 07 13:32:30 cyb3r-virtual-machine dockerd[11235]: time="2025-11-07T13:32:30.257276289-05:00" level=error msg="Failed to get event" error="rpc error: code = Unavailable desc = error reading from server: EOF" module=libcontainerd namespace=plugins.moby
Nov 07 13:32:30 cyb3r-virtual-machine dockerd[11235]: time="2025-11-07T13:32:30.257286138-05:00" level=info msg="Waiting for containerd to be ready to restart event processing" module=libcontainerd namespace=plugins.moby
Nov 07 13:32:30 cyb3r-virtual-machine systemd[1]: Stopping Docker Application Container Engine...
Nov 07 13:32:30 cyb3r-virtual-machine dockerd[11235]: time="2025-11-07T13:32:30.973188169-05:00" level=info msg="Processing signal 'terminated'"
Nov 07 13:32:30 cyb3r-virtual-machine dockerd[11235]: time="2025-11-07T13:32:30.975582307-05:00" level=info msg="stopping event stream following graceful shutdown" error="<nil>" module=libcontainerd namespace=moby
Nov 07 13:32:30 cyb3r-virtual-machine dockerd[11235]: time="2025-11-07T13:32:30.975658665-05:00" level=info msg="Daemon shutdown complete"
Nov 07 13:32:30 cyb3r-virtual-machine systemd[1]: docker.service: Deactivated successfully.
Nov 07 13:32:30 cyb3r-virtual-machine systemd[1]: Stopped Docker Application Container Engine.
Nov 07 13:32:30 cyb3r-virtual-machine systemd[1]: Starting Docker Application Container Engine...
Nov 07 13:32:31 cyb3r-virtual-machine dockerd[11996]: time="2025-11-07T13:32:31.036977967-05:00" level=info msg="Starting up"
Nov 07 13:32:31 cyb3r-virtual-machine dockerd[11996]: time="2025-11-07T13:32:31.038101821-05:00" level=info msg="detected 127.0.0.53 nameserver, assuming systemd-resolved, so using resolv.conf: /run/systemd/resolve/resolv.conf"
Nov 07 13:32:31 cyb3r-virtual-machine dockerd[11996]: time="2025-11-07T13:32:31.073028319-05:00" level=info msg="[graphdriver] using prior storage driver: overlay2"
Nov 07 13:32:31 cyb3r-virtual-machine dockerd[11996]: time="2025-11-07T13:32:31.075247704-05:00" level=info msg="Loading containers: start."
Nov 07 13:32:31 cyb3r-virtual-machine dockerd[11996]: time="2025-11-07T13:32:31.287669080-05:00" level=info msg="Default bridge (docker0) is assigned with an IP address 172.17.0.0/16. Daemon option --bip can be used to set a preferred IP address"
Nov 07 13:32:31 cyb3r-virtual-machine dockerd[11996]: time="2025-11-07T13:32:31.337311640-05:00" level=info msg="Loading containers: done."
Nov 07 13:32:31 cyb3r-virtual-machine dockerd[11996]: time="2025-11-07T13:32:31.359550293-05:00" level=info msg="Docker daemon" commit=1a79695 graphdriver=overlay2 version=24.0.6
Nov 07 13:32:31 cyb3r-virtual-machine dockerd[11996]: time="2025-11-07T13:32:31.359606585-05:00" level=info msg="Daemon has completed initialization"
Nov 07 13:32:31 cyb3r-virtual-machine dockerd[11996]: time="2025-11-07T13:32:31.376143381-05:00" level=info msg="API listen on /run/docker.sock"
Nov 07 13:32:31 cyb3r-virtual-machine systemd[1]: Started Docker Application Container Engine.
Nov 07 13:33:30 cyb3r-virtual-machine dockerd[11996]: time="2025-11-07T13:33:30.326853177-05:00" level=error msg="stream copy error: reading from a closed fifo"
Nov 07 13:33:30 cyb3r-virtual-machine dockerd[11996]: time="2025-11-07T13:33:30.987575046-05:00" level=error msg="stream copy error: reading from a closed fifo"
Nov 07 13:33:31 cyb3r-virtual-machine dockerd[11996]: time="2025-11-07T13:33:31.493734820-05:00" level=error msg="stream copy error: reading from a closed fifo"
Nov 07 13:33:31 cyb3r-virtual-machine dockerd[11996]: time="2025-11-07T13:33:31.968372865-05:00" level=error msg="stream copy error: reading from a closed fifo"
Nov 07 13:33:32 cyb3r-virtual-machine dockerd[11996]: time="2025-11-07T13:33:32.624249259-05:00" level=info msg="ignoring event" container=66acf02ef7e3575ff9f605b6d752c7607faa2efd02527929eac1fef0a66a29c7 module=libcontainerd namespace=moby topic=/tasks/delete type="*events.TaskDelete"
Nov 07 13:33:32 cyb3r-virtual-machine dockerd[11996]: time="2025-11-07T13:33:32.652939309-05:00" level=warning msg="failed to close stdin: task 66acf02ef7e3575ff9f605b6d752c7607faa2efd02527929eac1fef0a66a29c7 not found: not found"
Nov 07 13:33:33 cyb3r-virtual-machine dockerd[11996]: time="2025-11-07T13:33:33.087463285-05:00" level=error msg="stream copy error: reading from a closed fifo"
Nov 07 13:33:33 cyb3r-virtual-machine dockerd[11996]: time="2025-11-07T13:33:33.705481457-05:00" level=error msg="stream copy error: reading from a closed fifo"
Nov 07 13:33:34 cyb3r-virtual-machine dockerd[11996]: time="2025-11-07T13:33:34.262359312-05:00" level=error msg="stream copy error: reading from a closed fifo"
Nov 07 13:33:34 cyb3r-virtual-machine dockerd[11996]: time="2025-11-07T13:33:34.753211691-05:00" level=error msg="stream copy error: reading from a closed fifo"
Nov 07 13:33:35 cyb3r-virtual-machine dockerd[11996]: time="2025-11-07T13:33:35.224411272-05:00" level=error msg="stream copy error: reading from a closed fifo"
Nov 07 13:33:35 cyb3r-virtual-machine dockerd[11996]: time="2025-11-07T13:33:35.681544802-05:00" level=error msg="stream copy error: reading from a closed fifo"
Nov 07 13:33:36 cyb3r-virtual-machine dockerd[11996]: time="2025-11-07T13:33:36.341783932-05:00" level=error msg="stream copy error: reading from a closed fifo"
Nov 07 13:33:36 cyb3r-virtual-machine dockerd[11996]: time="2025-11-07T13:33:36.844240785-05:00" level=error msg="stream copy error: reading from a closed fifo"
Nov 07 13:33:37 cyb3r-virtual-machine dockerd[11996]: time="2025-11-07T13:33:37.303727349-05:00" level=error msg="stream copy error: reading from a closed fifo"
Nov 07 13:33:37 cyb3r-virtual-machine dockerd[11996]: time="2025-11-07T13:33:37.786345581-05:00" level=error msg="stream copy error: reading from a closed fifo"
Nov 07 13:33:38 cyb3r-virtual-machine dockerd[11996]: time="2025-11-07T13:33:38.270879681-05:00" level=error msg="stream copy error: reading from a closed fifo"
Nov 07 13:33:38 cyb3r-virtual-machine dockerd[11996]: time="2025-11-07T13:33:38.797727285-05:00" level=error msg="stream copy error: reading from a closed fifo"
Nov 07 14:59:36 cyb3r-virtual-machine dockerd[11996]: time="2025-11-07T14:59:35.999876172-05:00" level=error msg="Not continuing with pull after error: manifest unknown: manifest unknown"
Nov 07 15:05:34 cyb3r-virtual-machine dockerd[11996]: time="2025-11-07T15:05:34.381961787-05:00" level=error msg="stream copy error: reading from a closed fifo"
Nov 07 15:05:34 cyb3r-virtual-machine dockerd[11996]: time="2025-11-07T15:05:34.386495059-05:00" level=error msg="Error running exec 86159a703c112487a6b89012546e72f039550011632bd5a26282b6e77a1a5378 in container: OCI runtime exec failed: exec failed: unable to start container process: chdir to cwd (\"/bar\") set in config.json failed: not a directory: unknown: Are you trying to mount a directory onto a file (or vice-versa)? Check if the specified host path exists and is the expected type"
Nov 07 15:05:34 cyb3r-virtual-machine dockerd[11996]: time="2025-11-07T15:05:34.387372713-05:00" level=error msg="failed to close container stdin" container=fbeebfcce5bad73656fca57510cef52ee748ae837d8f80f4948102779a00fa57 error="process does not exist 86159a703c112487a6b89012546e72f039550011632bd5a26282b6e77a1a5378: not found" module=libcontainerd namespace=moby
Nov 07 15:06:18 cyb3r-virtual-machine dockerd[11996]: time="2025-11-07T15:06:18.139421553-05:00" level=error msg="stream copy error: reading from a closed fifo"
Nov 07 15:06:18 cyb3r-virtual-machine dockerd[11996]: time="2025-11-07T15:06:18.144544382-05:00" level=error msg="Error running exec 14e82446ec729dd30668335416e7a668a3bd4b4172c434a5dd67fe5d09df04b0 in container: OCI runtime exec failed: exec failed: unable to start container process: chdir to cwd (\"/bar\") set in config.json failed: not a directory: unknown: Are you trying to mount a directory onto a file (or vice-versa)? Check if the specified host path exists and is the expected type"
Nov 07 15:06:18 cyb3r-virtual-machine dockerd[11996]: time="2025-11-07T15:06:18.146125284-05:00" level=error msg="failed to close container stdin" container=fbeebfcce5bad73656fca57510cef52ee748ae837d8f80f4948102779a00fa57 error="process does not exist 14e82446ec729dd30668335416e7a668a3bd4b4172c434a5dd67fe5d09df04b0: not found" module=libcontainerd namespace=moby
Nov 07 15:08:11 cyb3r-virtual-machine dockerd[11996]: time="2025-11-07T15:08:11.742656824-05:00" level=error msg="stream copy error: reading from a closed fifo"
Nov 07 15:08:11 cyb3r-virtual-machine dockerd[11996]: time="2025-11-07T15:08:11.748060559-05:00" level=error msg="Error running exec 13c5a80168e900a0d41024bd5772913736fde2a3ef9f8dfa864c9a99ad18f30e in container: OCI runtime exec failed: exec failed: unable to start container process: chdir to cwd (\"/bar\") set in config.json failed: not a directory: unknown: Are you trying to mount a directory onto a file (or vice-versa)? Check if the specified host path exists and is the expected type"
Nov 07 15:08:11 cyb3r-virtual-machine dockerd[11996]: time="2025-11-07T15:08:11.749736216-05:00" level=error msg="failed to close container stdin" container=fbeebfcce5bad73656fca57510cef52ee748ae837d8f80f4948102779a00fa57 error="process does not exist 13c5a80168e900a0d41024bd5772913736fde2a3ef9f8dfa864c9a99ad18f30e: not found" module=libcontainerd namespace=moby
Nov 07 15:09:15 cyb3r-virtual-machine dockerd[11996]: time="2025-11-07T15:09:15.467048877-05:00" level=error msg="stream copy error: reading from a closed fifo"
Nov 07 15:09:15 cyb3r-virtual-machine dockerd[11996]: time="2025-11-07T15:09:15.472289546-05:00" level=error msg="Error running exec d4338c71e8189d25268a447a41067814915113b75ddcaa43e7513ed808cfc198 in container: OCI runtime exec failed: exec failed: unable to start container process: chdir to cwd (\"/foo\") set in config.json failed: not a directory: unknown: Are you trying to mount a directory onto a file (or vice-versa)? Check if the specified host path exists and is the expected type"
Nov 07 15:09:15 cyb3r-virtual-machine dockerd[11996]: time="2025-11-07T15:09:15.474040138-05:00" level=error msg="failed to close container stdin" container=fbeebfcce5bad73656fca57510cef52ee748ae837d8f80f4948102779a00fa57 error="process does not exist d4338c71e8189d25268a447a41067814915113b75ddcaa43e7513ed808cfc198: not found" module=libcontainerd namespace=moby
Nov 07 15:10:05 cyb3r-virtual-machine dockerd[11996]: time="2025-11-07T15:10:05.239319096-05:00" level=error msg="stream copy error: reading from a closed fifo"
Nov 07 15:10:05 cyb3r-virtual-machine dockerd[11996]: time="2025-11-07T15:10:05.243315884-05:00" level=error msg="Error running exec 0c924c9b9adb64b99c6e9f535c75104cdc1354996670fd5e02b2fdbe4d6debf9 in container: OCI runtime exec failed: exec failed: unable to start container process: chdir to cwd (\"/foo\") set in config.json failed: no such file or directory: unknown"
Nov 07 15:10:05 cyb3r-virtual-machine dockerd[11996]: time="2025-11-07T15:10:05.245015198-05:00" level=error msg="failed to close container stdin" container=c8f48993b74f9f5d0913f18caacd7340ed6df719ca64fdcf3e2c63d7225fe5b4 error="process does not exist 0c924c9b9adb64b99c6e9f535c75104cdc1354996670fd5e02b2fdbe4d6debf9: not found" module=libcontainerd namespace=moby
Nov 07 15:10:15 cyb3r-virtual-machine dockerd[11996]: time="2025-11-07T15:10:15.908253146-05:00" level=error msg="stream copy error: reading from a closed fifo"
Nov 07 15:10:15 cyb3r-virtual-machine dockerd[11996]: time="2025-11-07T15:10:15.913066111-05:00" level=error msg="Error running exec d40ee17386af48a2d44d2458d815d98e639b27795371359dbc6f4d9b9a7f8eae in container: OCI runtime exec failed: exec failed: unable to start container process: chdir to cwd (\"/foo\") set in config.json failed: not a directory: unknown: Are you trying to mount a directory onto a file (or vice-versa)? Check if the specified host path exists and is the expected type"
Nov 07 15:10:15 cyb3r-virtual-machine dockerd[11996]: time="2025-11-07T15:10:15.914657928-05:00" level=error msg="failed to close container stdin" container=fbeebfcce5bad73656fca57510cef52ee748ae837d8f80f4948102779a00fa57 error="process does not exist d40ee17386af48a2d44d2458d815d98e639b27795371359dbc6f4d9b9a7f8eae: not found" module=libcontainerd namespace=moby
Nov 07 15:14:11 cyb3r-virtual-machine dockerd[11996]: time="2025-11-07T15:14:11.530615890-05:00" level=error msg="stream copy error: reading from a closed fifo"
Nov 07 15:14:11 cyb3r-virtual-machine dockerd[11996]: time="2025-11-07T15:14:11.534402195-05:00" level=error msg="Error running exec 09ec6ffacff55d4a4d2ac13e51d046a6278bb63c6683694215f3300f89858c33 in container: OCI runtime exec failed: exec failed: unable to start container process: chdir to cwd (\"/foo\") set in config.json failed: not a directory: unknown: Are you trying to mount a directory onto a file (or vice-versa)? Check if the specified host path exists and is the expected type"
Nov 07 15:14:11 cyb3r-virtual-machine dockerd[11996]: time="2025-11-07T15:14:11.536038177-05:00" level=error msg="failed to close container stdin" container=fbeebfcce5bad73656fca57510cef52ee748ae837d8f80f4948102779a00fa57 error="process does not exist 09ec6ffacff55d4a4d2ac13e51d046a6278bb63c6683694215f3300f89858c33: not found" module=libcontainerd namespace=moby
Nov 07 15:17:47 cyb3r-virtual-machine dockerd[11996]: time="2025-11-07T15:17:47.108602773-05:00" level=info msg="ignoring event" container=778b0a0626a6513d75d181547ed9b502eb1d0c83bf8e10129d3da5aae45c1ef2 module=libcontainerd namespace=moby topic=/tasks/delete type="*events.TaskDelete"
Nov 07 15:17:47 cyb3r-virtual-machine dockerd[11996]: time="2025-11-07T15:17:47.130351055-05:00" level=warning msg="failed to close stdin: task 778b0a0626a6513d75d181547ed9b502eb1d0c83bf8e10129d3da5aae45c1ef2 not found: not found"
Nov 07 15:26:58 cyb3r-virtual-machine dockerd[11996]: time="2025-11-07T15:26:58.758557390-05:00" level=error msg="stream copy error: reading from a closed fifo"
Nov 07 15:26:58 cyb3r-virtual-machine dockerd[11996]: time="2025-11-07T15:26:58.763078205-05:00" level=error msg="Error running exec a918a8f893edd4eaf71acf84107fc8e9fc0247ded41a714ceb3432c5d29dd800 in container: OCI runtime exec failed: exec failed: unable to start container process: chdir to cwd (\"/bar\") set in config.json failed: not a directory: unknown: Are you trying to mount a directory onto a file (or vice-versa)? Check if the specified host path exists and is the expected type"
Nov 07 15:26:58 cyb3r-virtual-machine dockerd[11996]: time="2025-11-07T15:26:58.764806607-05:00" level=error msg="failed to close container stdin" container=09b41ae01077618fe640cc4d9864d1aeea7e9123586840825ee9244f7b75ea6d error="process does not exist a918a8f893edd4eaf71acf84107fc8e9fc0247ded41a714ceb3432c5d29dd800: not found" module=libcontainerd namespace=moby
Nov 07 16:06:36 cyb3r-virtual-machine dockerd[11996]: time="2025-11-07T16:06:36.717205686-05:00" level=error msg="stream copy error: reading from a closed fifo"
Nov 07 16:06:36 cyb3r-virtual-machine dockerd[11996]: time="2025-11-07T16:06:36.724528030-05:00" level=error msg="Error running exec 729d419a78ae837e171227746cb82d5673fe05853a6f6042a106ff77804ee1b0 in container: OCI runtime exec failed: exec failed: unable to start container process: chdir to cwd (\"/bar\") set in config.json failed: not a directory: unknown: Are you trying to mount a directory onto a file (or vice-versa)? Check if the specified host path exists and is the expected type"
Nov 07 16:06:36 cyb3r-virtual-machine dockerd[11996]: time="2025-11-07T16:06:36.729814688-05:00" level=error msg="failed to close container stdin" container=09b41ae01077618fe640cc4d9864d1aeea7e9123586840825ee9244f7b75ea6d error="process does not exist 729d419a78ae837e171227746cb82d5673fe05853a6f6042a106ff77804ee1b0: not found" module=libcontainerd namespace=moby
Nov 07 16:07:22 cyb3r-virtual-machine dockerd[11996]: time="2025-11-07T16:07:22.727126061-05:00" level=error msg="stream copy error: reading from a closed fifo"
Nov 07 16:07:22 cyb3r-virtual-machine dockerd[11996]: time="2025-11-07T16:07:22.731290295-05:00" level=error msg="Error running exec 021150fe84bd48f9e64f7cbfb4f0c531ff758b69ad2bb9bb4c072658a9a4ce5a in container: OCI runtime exec failed: exec failed: unable to start container process: chdir to cwd (\"/bar\") set in config.json failed: not a directory: unknown: Are you trying to mount a directory onto a file (or vice-versa)? Check if the specified host path exists and is the expected type"
Nov 07 16:07:22 cyb3r-virtual-machine dockerd[11996]: time="2025-11-07T16:07:22.733169933-05:00" level=error msg="failed to close container stdin" container=09b41ae01077618fe640cc4d9864d1aeea7e9123586840825ee9244f7b75ea6d error="process does not exist 021150fe84bd48f9e64f7cbfb4f0c531ff758b69ad2bb9bb4c072658a9a4ce5a: not found" module=libcontainerd namespace=moby
Nov 07 16:19:37 cyb3r-virtual-machine dockerd[11996]: time="2025-11-07T16:19:37.000182811-05:00" level=warning msg="no trace recorder found, skipping"
Nov 07 17:56:54 cyb3r-virtual-machine dockerd[11996]: time="2025-11-07T17:56:54.012580717-05:00" level=error msg="stream copy error: reading from a closed fifo"
Nov 07 17:56:54 cyb3r-virtual-machine dockerd[11996]: time="2025-11-07T17:56:54.016713985-05:00" level=error msg="Error running exec 442dbb1c23fc6fa70ae0d856e82729cd39a4aea48c74ec23c7a4ce10a92433b0 in container: OCI runtime exec failed: exec failed: unable to start container process: chdir to cwd (\"/bar\") set in config.json failed: no such file or directory: unknown"
Nov 07 17:56:54 cyb3r-virtual-machine dockerd[11996]: time="2025-11-07T17:56:54.019639761-05:00" level=error msg="failed to close container stdin" container=c8f48993b74f9f5d0913f18caacd7340ed6df719ca64fdcf3e2c63d7225fe5b4 error="process does not exist 442dbb1c23fc6fa70ae0d856e82729cd39a4aea48c74ec23c7a4ce10a92433b0: not found" module=libcontainerd namespace=moby
Nov 07 17:57:19 cyb3r-virtual-machine dockerd[11996]: time="2025-11-07T17:57:19.129278581-05:00" level=error msg="stream copy error: reading from a closed fifo"
Nov 07 17:57:19 cyb3r-virtual-machine dockerd[11996]: time="2025-11-07T17:57:19.133299107-05:00" level=error msg="Error running exec 205eb00eb0a72472ddea17679c0891fa6c7f3aecc892b49d39565b13a4e98833 in container: OCI runtime exec failed: exec failed: unable to start container process: chdir to cwd (\"/bar\") set in config.json failed: not a directory: unknown: Are you trying to mount a directory onto a file (or vice-versa)? Check if the specified host path exists and is the expected type"
Nov 07 17:57:19 cyb3r-virtual-machine dockerd[11996]: time="2025-11-07T17:57:19.136786979-05:00" level=error msg="failed to close container stdin" container=09b41ae01077618fe640cc4d9864d1aeea7e9123586840825ee9244f7b75ea6d error="process does not exist 205eb00eb0a72472ddea17679c0891fa6c7f3aecc892b49d39565b13a4e98833: not found" module=libcontainerd namespace=moby
Nov 07 17:57:51 cyb3r-virtual-machine dockerd[11996]: time="2025-11-07T17:57:51.307437957-05:00" level=info msg="ignoring event" container=a2639902eb36841b78af10eb903e7cd0c043a7977625ab5e7641a43fb3285f55 module=libcontainerd namespace=moby topic=/tasks/delete type="*events.TaskDelete"
Nov 07 17:57:51 cyb3r-virtual-machine dockerd[11996]: time="2025-11-07T17:57:51.330130298-05:00" level=warning msg="failed to close stdin: task a2639902eb36841b78af10eb903e7cd0c043a7977625ab5e7641a43fb3285f55 not found: not found"
Nov 07 17:59:04 cyb3r-virtual-machine dockerd[11996]: time="2025-11-07T17:59:04.699184735-05:00" level=warning msg="no trace recorder found, skipping"
Nov 07 17:59:35 cyb3r-virtual-machine dockerd[11996]: time="2025-11-07T17:59:35.399270959-05:00" level=warning msg="no trace recorder found, skipping"
Nov 07 18:00:03 cyb3r-virtual-machine dockerd[11996]: time="2025-11-07T18:00:03.686374525-05:00" level=error msg="stream copy error: reading from a closed fifo"
Nov 07 18:00:41 cyb3r-virtual-machine dockerd[11996]: time="2025-11-07T18:00:41.240664429-05:00" level=error msg="stream copy error: reading from a closed fifo"
Nov 07 18:00:41 cyb3r-virtual-machine dockerd[11996]: time="2025-11-07T18:00:41.924191884-05:00" level=error msg="stream copy error: reading from a closed fifo"
Nov 07 18:00:42 cyb3r-virtual-machine dockerd[11996]: time="2025-11-07T18:00:42.670182451-05:00" level=error msg="stream copy error: reading from a closed fifo"
Nov 07 18:00:43 cyb3r-virtual-machine dockerd[11996]: time="2025-11-07T18:00:43.393662162-05:00" level=error msg="stream copy error: reading from a closed fifo"
Nov 07 18:06:20 cyb3r-virtual-machine dockerd[11996]: time="2025-11-07T18:06:20.407442230-05:00" level=info msg="ignoring event" container=4fcffb639dc62522314f0b4c3a7e0f0b93d54997e2c0ebc12a94fd5553d3720d module=libcontainerd namespace=moby topic=/tasks/delete type="*events.TaskDelete"
Nov 07 18:06:20 cyb3r-virtual-machine dockerd[11996]: time="2025-11-07T18:06:20.430122906-05:00" level=warning msg="failed to close stdin: task 4fcffb639dc62522314f0b4c3a7e0f0b93d54997e2c0ebc12a94fd5553d3720d not found: not found"
Nov 07 18:06:20 cyb3r-virtual-machine dockerd[11996]: time="2025-11-07T18:06:20.957638124-05:00" level=error msg="stream copy error: reading from a closed fifo"
Nov 07 18:06:21 cyb3r-virtual-machine dockerd[11996]: time="2025-11-07T18:06:21.749560853-05:00" level=error msg="stream copy error: reading from a closed fifo"
Nov 07 18:06:22 cyb3r-virtual-machine dockerd[11996]: time="2025-11-07T18:06:22.684144641-05:00" level=error msg="stream copy error: reading from a closed fifo"
Nov 07 18:06:23 cyb3r-virtual-machine dockerd[11996]: time="2025-11-07T18:06:23.401808965-05:00" level=error msg="stream copy error: reading from a closed fifo"
Nov 07 18:06:24 cyb3r-virtual-machine dockerd[11996]: time="2025-11-07T18:06:24.572168089-05:00" level=error msg="stream copy error: reading from a closed fifo"
Nov 07 18:06:25 cyb3r-virtual-machine dockerd[11996]: time="2025-11-07T18:06:25.406443522-05:00" level=error msg="stream copy error: reading from a closed fifo"
Nov 07 18:06:26 cyb3r-virtual-machine dockerd[11996]: time="2025-11-07T18:06:26.032494872-05:00" level=error msg="stream copy error: reading from a closed fifo"
Nov 07 18:06:26 cyb3r-virtual-machine dockerd[11996]: time="2025-11-07T18:06:26.664433899-05:00" level=error msg="stream copy error: reading from a closed fifo"
Nov 07 18:06:27 cyb3r-virtual-machine dockerd[11996]: time="2025-11-07T18:06:27.323097451-05:00" level=error msg="stream copy error: reading from a closed fifo"
Nov 07 18:06:28 cyb3r-virtual-machine dockerd[11996]: time="2025-11-07T18:06:28.005996076-05:00" level=error msg="stream copy error: reading from a closed fifo"
Nov 07 18:06:28 cyb3r-virtual-machine dockerd[11996]: time="2025-11-07T18:06:28.580586605-05:00" level=error msg="stream copy error: reading from a closed fifo"
Nov 07 18:06:29 cyb3r-virtual-machine dockerd[11996]: time="2025-11-07T18:06:29.188837539-05:00" level=error msg="stream copy error: reading from a closed fifo"
Nov 07 18:06:50 cyb3r-virtual-machine dockerd[11996]: time="2025-11-07T18:06:50.739832156-05:00" level=error msg="stream copy error: reading from a closed fifo"
Nov 07 18:06:51 cyb3r-virtual-machine dockerd[11996]: time="2025-11-07T18:06:51.298109850-05:00" level=error msg="stream copy error: reading from a closed fifo"
Nov 07 18:06:51 cyb3r-virtual-machine dockerd[11996]: time="2025-11-07T18:06:51.865927634-05:00" level=error msg="stream copy error: reading from a closed fifo"
Nov 07 18:06:52 cyb3r-virtual-machine dockerd[11996]: time="2025-11-07T18:06:52.456199427-05:00" level=error msg="stream copy error: reading from a closed fifo"
Nov 07 18:07:59 cyb3r-virtual-machine dockerd[11996]: time="2025-11-07T18:07:59.684782732-05:00" level=info msg="ignoring event" container=14a703a645645d64a24100c0010a7363a43ce8ee1b762ed0c16f315539d7e8f7 module=libcontainerd namespace=moby topic=/tasks/delete type="*events.TaskDelete"
Nov 07 18:07:59 cyb3r-virtual-machine dockerd[11996]: time="2025-11-07T18:07:59.708546959-05:00" level=warning msg="failed to close stdin: task 14a703a645645d64a24100c0010a7363a43ce8ee1b762ed0c16f315539d7e8f7 not found: not found"
Nov 07 18:08:00 cyb3r-virtual-machine dockerd[11996]: time="2025-11-07T18:08:00.181097451-05:00" level=error msg="stream copy error: reading from a closed fifo"
Nov 07 18:08:00 cyb3r-virtual-machine dockerd[11996]: time="2025-11-07T18:08:00.787795827-05:00" level=error msg="stream copy error: reading from a closed fifo"
Nov 07 18:08:01 cyb3r-virtual-machine dockerd[11996]: time="2025-11-07T18:08:01.351251646-05:00" level=error msg="stream copy error: reading from a closed fifo"
Nov 07 18:08:02 cyb3r-virtual-machine dockerd[11996]: time="2025-11-07T18:08:02.009770392-05:00" level=error msg="stream copy error: reading from a closed fifo"
Nov 07 18:08:02 cyb3r-virtual-machine dockerd[11996]: time="2025-11-07T18:08:02.557471738-05:00" level=error msg="stream copy error: reading from a closed fifo"
Nov 07 18:08:03 cyb3r-virtual-machine dockerd[11996]: time="2025-11-07T18:08:03.210989473-05:00" level=error msg="stream copy error: reading from a closed fifo"
Nov 07 18:08:03 cyb3r-virtual-machine dockerd[11996]: time="2025-11-07T18:08:03.695705033-05:00" level=error msg="stream copy error: reading from a closed fifo"
Nov 07 18:08:04 cyb3r-virtual-machine dockerd[11996]: time="2025-11-07T18:08:04.307042670-05:00" level=error msg="stream copy error: reading from a closed fifo"
Nov 07 18:08:04 cyb3r-virtual-machine dockerd[11996]: time="2025-11-07T18:08:04.929409603-05:00" level=error msg="stream copy error: reading from a closed fifo"
Nov 07 18:08:05 cyb3r-virtual-machine dockerd[11996]: time="2025-11-07T18:08:05.472987634-05:00" level=error msg="stream copy error: reading from a closed fifo"
Nov 07 18:08:06 cyb3r-virtual-machine dockerd[11996]: time="2025-11-07T18:08:06.082263545-05:00" level=error msg="stream copy error: reading from a closed fifo"
Nov 07 18:08:06 cyb3r-virtual-machine dockerd[11996]: time="2025-11-07T18:08:06.595261172-05:00" level=error msg="stream copy error: reading from a closed fifo"
Nov 07 18:08:43 cyb3r-virtual-machine dockerd[11996]: time="2025-11-07T18:08:43.707761375-05:00" level=error msg="stream copy error: reading from a closed fifo"
Nov 07 22:42:13 cyb3r-virtual-machine dockerd[11996]: time="2025-11-07T22:42:13.098580868-05:00" level=info msg="ignoring event" container=c8f48993b74f9f5d0913f18caacd7340ed6df719ca64fdcf3e2c63d7225fe5b4 module=libcontainerd namespace=moby topic=/tasks/delete type="*events.TaskDelete"
Nov 07 22:42:13 cyb3r-virtual-machine dockerd[11996]: time="2025-11-07T22:42:13.135547168-05:00" level=warning msg="failed to close stdin: task c8f48993b74f9f5d0913f18caacd7340ed6df719ca64fdcf3e2c63d7225fe5b4 not found: not found"
Nov 07 22:42:15 cyb3r-virtual-machine dockerd[11996]: time="2025-11-07T22:42:15.010830879-05:00" level=info msg="ignoring event" container=fbeebfcce5bad73656fca57510cef52ee748ae837d8f80f4948102779a00fa57 module=libcontainerd namespace=moby topic=/tasks/delete type="*events.TaskDelete"
Nov 07 22:42:15 cyb3r-virtual-machine dockerd[11996]: time="2025-11-07T22:42:15.038391523-05:00" level=warning msg="failed to close stdin: task fbeebfcce5bad73656fca57510cef52ee748ae837d8f80f4948102779a00fa57 not found: not found"
Nov 07 22:42:19 cyb3r-virtual-machine dockerd[11996]: time="2025-11-07T22:42:19.197481113-05:00" level=info msg="ignoring event" container=09b41ae01077618fe640cc4d9864d1aeea7e9123586840825ee9244f7b75ea6d module=libcontainerd namespace=moby topic=/tasks/delete type="*events.TaskDelete"
Nov 07 22:42:19 cyb3r-virtual-machine dockerd[11996]: time="2025-11-07T22:42:19.224251362-05:00" level=warning msg="failed to close stdin: task 09b41ae01077618fe640cc4d9864d1aeea7e9123586840825ee9244f7b75ea6d not found: not found"
-- Boot ef9e169e2059486aa3352f47145b709c --
Nov 07 22:54:45 cyb3r-virtual-machine systemd[1]: Starting Docker Application Container Engine...
Nov 07 22:54:46 cyb3r-virtual-machine dockerd[1168]: time="2025-11-07T22:54:46.093603860-05:00" level=info msg="Starting up"
Nov 07 22:54:46 cyb3r-virtual-machine dockerd[1168]: time="2025-11-07T22:54:46.100196475-05:00" level=info msg="detected 127.0.0.53 nameserver, assuming systemd-resolved, so using resolv.conf: /run/systemd/resolve/resolv.conf"
Nov 07 22:54:46 cyb3r-virtual-machine dockerd[1168]: time="2025-11-07T22:54:46.219303362-05:00" level=info msg="[graphdriver] using prior storage driver: overlay2"
Nov 07 22:54:46 cyb3r-virtual-machine dockerd[1168]: time="2025-11-07T22:54:46.257135851-05:00" level=info msg="Loading containers: start."
Nov 07 22:54:46 cyb3r-virtual-machine dockerd[1168]: time="2025-11-07T22:54:46.606642179-05:00" level=info msg="Default bridge (docker0) is assigned with an IP address 172.17.0.0/16. Daemon option --bip can be used to set a preferred IP address"
Nov 07 22:54:46 cyb3r-virtual-machine dockerd[1168]: time="2025-11-07T22:54:46.676050605-05:00" level=info msg="Loading containers: done."
Nov 07 22:54:46 cyb3r-virtual-machine dockerd[1168]: time="2025-11-07T22:54:46.743622143-05:00" level=info msg="Docker daemon" commit=1a79695 graphdriver=overlay2 version=24.0.6
Nov 07 22:54:46 cyb3r-virtual-machine dockerd[1168]: time="2025-11-07T22:54:46.744248965-05:00" level=info msg="Daemon has completed initialization"
Nov 07 22:54:46 cyb3r-virtual-machine dockerd[1168]: time="2025-11-07T22:54:46.828553324-05:00" level=info msg="API listen on /run/docker.sock"
Nov 07 22:54:46 cyb3r-virtual-machine systemd[1]: Started Docker Application Container Engine.
Nov 07 23:27:32 cyb3r-virtual-machine dockerd[1168]: time="2025-11-07T23:27:32.035508022-05:00" level=info msg="ignoring event" container=83bcfcc80265b022531aadda580ecba0d6885b0b67bc3642cc2ff2ce560cd1b1 module=libcontainerd namespace=moby topic=/tasks/delete type="*events.TaskDelete"
Nov 07 23:27:32 cyb3r-virtual-machine dockerd[1168]: time="2025-11-07T23:27:32.057017371-05:00" level=warning msg="failed to close stdin: task 83bcfcc80265b022531aadda580ecba0d6885b0b67bc3642cc2ff2ce560cd1b1 not found: not found"
Nov 07 23:43:01 cyb3r-virtual-machine dockerd[1168]: time="2025-11-07T23:43:01.035449402-05:00" level=info msg="ignoring event" container=64c951095b7f64d6bf2e3f9825236a39ea306154b014467dc7b94fd52c4efd74 module=libcontainerd namespace=moby topic=/tasks/delete type="*events.TaskDelete"
Nov 07 23:43:01 cyb3r-virtual-machine dockerd[1168]: time="2025-11-07T23:43:01.053088017-05:00" level=warning msg="failed to close stdin: task 64c951095b7f64d6bf2e3f9825236a39ea306154b014467dc7b94fd52c4efd74 not found: not found"
Nov 07 23:51:27 cyb3r-virtual-machine dockerd[1168]: time="2025-11-07T23:51:27.314944742-05:00" level=info msg="ignoring event" container=2077d025a2f44b8b9d51bcd26e4f23ee86aeca2cafcb7cab0c5f4427967dc41a module=libcontainerd namespace=moby topic=/tasks/delete type="*events.TaskDelete"
Nov 07 23:51:27 cyb3r-virtual-machine dockerd[1168]: time="2025-11-07T23:51:27.330604403-05:00" level=warning msg="failed to close stdin: task 2077d025a2f44b8b9d51bcd26e4f23ee86aeca2cafcb7cab0c5f4427967dc41a not found: not found"
